
> dorm-ra-bot@0.1.0 build
> next build

Γû▓ Next.js 16.1.6 (Turbopack)
- Environments: .env.local

  Creating an optimized production build ...
node.exe : 
At line:1 char:1
+ & "C:\Program Files\nodejs/node.exe" "C:\Program Files\nodejs/node_mo ...
+ ~~~~~~~~~~~~~~~~~~~~~~~~~~~~~~~~~~~~~~~~~~~~~~~~~~~~~~~~~~~~~~~~~~~~~
    + CategoryInfo          : NotSpecified: (:String) [], RemoteException
    + FullyQualifiedErrorId : NativeCommandError
 
> Build error occurred
Error: Turbopack build failed with 3 errors:
./src/app/resources/page.tsx:284:27
Parsing ecmascript source code failed
[0m [90m 282 |[39m               
[33m<[39m[33m/[39m[33mdiv[39m[33m>[39m
 [90m 283 |[39m             ))}
[31m[1m>[22m[39m[90m 284 |[39m                         ))}
 [90m     |[39m                           [31m[1m^[22m[39m
 [90m 285 |[39m                       
[33m<[39m[33m/[39m[33mdiv[39m[33m>[39m
 [90m 286 |[39m                     ) [33m:[39m (
 [90m 287 |[39m                       [33m<[39m[33mdiv[39m 
className[33m=[39m[32m"text-center py-12"[39m[33m>[39m[0m

Unexpected token. Did you mean `{'}'}` or `&rbrace;`?


./src/app/resources/page.tsx:300:6
Parsing ecmascript source code failed
[0m [90m 298 |[39m         [33m<[39m[33m/[39m[33mdiv[39m[33m>[39m
 [90m 299 |[39m       [33m<[39m[33m/[39m[33mdiv[39m[33m>[39m
[31m[1m>[22m[39m[90m 300 |[39m     
[33m<[39m[33m/[39m[33mdiv[39m[33m>[39m
 [90m     |[39m      [31m[1m^[22m[39m[31m[1m^[22m[39m[31m[1m^[22m
[39m[31m[1m^[22m[39m[31m[1m^[22m[39m
 [90m 301 |[39m   )[33m;[39m
 [90m 302 |[39m }
 [90m 303 |[39m[0m

Unterminated regexp literal


./src/components/ChatComponent.tsx:255:1
Parsing ecmascript source code failed
[0m [90m 253 |[39m     [33m<[39m[33m/[39m[33mdiv[39m[33m>[39m
 [90m 254 |[39m   )[33m;[39m
[31m[1m>[22m[39m[90m 255 |[39m }
 [90m     |[39m [31m[1m^[22m[39m
 [90m 256 |[39m[0m

Unexpected token. Did you mean `{'}'}` or `&rbrace;`?

Import traces:
  Client Component Browser:
    ./src/components/ChatComponent.tsx [Client Component Browser]
    ./src/app/page.tsx [Client Component Browser]
    ./src/app/page.tsx [Server Component]

  Client Component SSR:
    ./src/components/ChatComponent.tsx [Client Component SSR]
    ./src/app/page.tsx [Client Component SSR]
    ./src/app/page.tsx [Server Component]


    at <unknown> (./src/app/resources/page.tsx:284:27)
    at <unknown> (./src/app/resources/page.tsx:300:6)
    at <unknown> (./src/components/ChatComponent.tsx:255:1)
